WARNING: ./logs/programs/OneDrive/Local/Microsoft/OneDrive/logs/ListSync/Business1/Nucleus-2025-12-21.1214.9352.1.odlgz: 2 ODL protected tokens could not be decoded; original tokens retained

Files:

File: ./logs/programs/OneDrive/Local/Microsoft/OneDrive/logs/ListSync/Business1/Nucleus-2025-12-21.1214.9352.1.odlgz
  About:
      FileType      : ODLGZ (OneDrive Log)
      LogMessageType: ODL events (OneDrive Log)
      Thread stack  : 524288 (bytes)
  Printed:
      Events        : 615
      Bytes         : 197966
      Flushes       : 619
      Event largest processed: 6406
      Event largest accepted : 6406
      Datetime First: 2025-12-21 20:14:08.011 +08:00
      Datetime Last : 2025-12-21 20:14:13.367 +08:00
  Processed:
      File size          : 20499
      ODL version        : 3
      Internal gzip      : true
      Companions present : true
      Supplementary files used: 1
        ./logs/programs/OneDrive/Local/Microsoft/OneDrive/logs/ListSync/Business1/general.keystore
      Supplementary files not found or inaccessible: 2
        ./logs/programs/OneDrive/Local/Microsoft/OneDrive/logs/ListSync/Business1/ObfuscationStringMap.txt
        ./logs/programs/OneDrive/Local/Microsoft/OneDrive/logs/ListSync/Business1/EncryptionKeyStoreCopy/general.keystore
      Events processed   : 615
      Events accepted    : 615
      Events undecoded   : 366
      Decoding failures  : 2
      Records skipped    : 0
      Out of order       : 0
      Datetime first     : 2025-12-21 20:14:08.011 +08:00
      Datetime last      : 2025-12-21 20:14:13.367 +08:00

Program summary:

Paths considered       : 1
Paths not processed    : 0
Files processed        : 1
Files printed          : 1
Printed bytes          : 200426
Printed flushes        : 1234
Printed Lines          : 0
Printed Syslines       : 0
Printed ASL events     : 0
Printed ETL events     : 0
Printed EVTX events    : 0
Printed FixedStruct    : 0
Printed Journal events : 0
Printed ODL events     : 615
Line Maximum                   : 393209
Line longest                   : 0
Sysline longest                : 0
ETL event largest processed    : 0
ETL event largest accepted     : 0
EVTX event largest processed   : 0
EVTX event largest accepted    : 0
Journal event largest processed: 0
Journal event largest accepted : 0
ODL event largest processed    : 0
ODL event largest accepted     : 0
Managed files max deflt: 980
Managed files max adjus: 200
Managed request open   : 4
Managed request read   : 0
Managed write calls    : 0
Managed seek calls     : 0
Managed metadata calls : 1
Managed open errors    : 2
Managed evict fails    : 0
Regex patterns known   : 190
Regex patterns compiled: 188
Datetime filter -a     : 1999-03-03 00:00:00 +00:00 (1999-03-03 00:00:00.000000 +00:00)
Datetime printed first : 2025-12-21 20:14:08 +08:00 (2025-12-21 12:14:08.011000 +00:00)
Datetime printed last  : 2025-12-21 20:14:13 +08:00 (2025-12-21 12:14:13.367000 +00:00)
Datetime filter -b     : 2026-01-02 00:00:00 +00:00 (2026-01-02 00:00:00.000000 +00:00)
Channel receive ok     : 617
Channel receive err    : 0
Threads spawned        : 1
Thread spawn errors    : 0
Temporary files created: 0
Platform               : x86_64-unknown-linux-gnu
Allocator              : system
