./logs/MacOS11/powermanagement/2023.10.26.asl┋20231026T042725.731612000┋2023-10-26T12:27:25.731612000+08:00  id=3548  level=Notice  pid=68  uid=0  gid=0  read_uid=4294967295  read_gid=80  flags=0x2  host=localhost  sender=powerd  facility=com.apple.iokit.power  message='SMC shutdown cause: 3: Power button pressed for > 4 sec'  com.apple.iokit.domain=ShutdownCause  SenderMachUUID=3E9B82F2-2CF1-3E44-9D8E-6B7A7CE52831
⇳
./logs/MacOS11/powermanagement/2023.10.26.asl┋20231026T042725.835383000┋2023-10-26T12:27:25.835383000+08:00  id=3549  level=Notice  pid=68  uid=0  gid=0  read_uid=4294967295  read_gid=80  flags=0x2  host=localhost  sender=powerd  facility=com.apple.iokit.power  message='powerd process is started'  com.apple.iokit.domain=Start  SenderMachUUID=3E9B82F2-2CF1-3E44-9D8E-6B7A7CE52831
⇳
./logs/MacOS11/powermanagement/2023.10.26.asl┋20231026T042725.837149000┋2023-10-26T12:27:25.837149000+08:00  id=3550  level=Notice  pid=68  uid=0  gid=0  read_uid=4294967295  read_gid=80  flags=0x2  host=localhost  sender=powerd  facility=com.apple.iokit.power  message='Summary- [System: No Assertions] Using AC'  Action=Summary  com.apple.iokit.domain=Assertions  SenderMachUUID=3E9B82F2-2CF1-3E44-9D8E-6B7A7CE52831
⇳
./logs/MacOS11/powermanagement/2023.10.26.asl┋20231026T042730.213825000┋2023-10-26T12:27:30.213825000+08:00  id=3551  level=Notice  pid=68  uid=0  gid=0  read_uid=4294967295  read_gid=80  flags=0x2  host=Mac-2516  sender=powerd  facility=com.apple.iokit.power  message='Kernel Idle sleep preventers: IODisplayWrangler'  com.apple.iokit.domain=Assertions  SenderMachUUID=3E9B82F2-2CF1-3E44-9D8E-6B7A7CE52831
⇳
./logs/MacOS11/powermanagement/2023.10.26.asl┋20231026T042800.925020000┋2023-10-26T12:28:00.925020000+08:00  id=3552  level=Notice  pid=68  uid=0  gid=0  read_uid=4294967295  read_gid=80  flags=0x2  host=Mac-2516  sender=powerd  facility=com.apple.iokit.power  message='[System: PrevIdle DeclUser BGTask kDisp]'  AssertType=UserIsActive  AssertName=com.apple.iohideventsystem.queue.tickle serviceID:1000001ca name:IOHIDSystem product:NULL eventType:1  AssertAge=00:00:00   ProcessName=WindowServer  Process=141  AssertId=0x900008038  Action=Created  com.apple.iokit.domain=Assertions  SenderMachUUID=3E9B82F2-2CF1-3E44-9D8E-6B7A7CE52831
⇳
./logs/MacOS11/powermanagement/2023.10.26.asl┋20231026T042825.854299000┋2023-10-26T12:28:25.854299000+08:00  id=3553  level=Notice  pid=68  uid=0  gid=0  read_uid=4294967295  read_gid=80  flags=0x2  host=Mac-1698294495086  sender=powerd  facility=com.apple.iokit.power  message='Next immediate inactivity window start:'2023-10-26 04:15:00 +0000' end:'2023-10-27 04:15:00 +0000''  com.apple.iokit.domain=Notification  SenderMachUUID=3E9B82F2-2CF1-3E44-9D8E-6B7A7CE52831
⇳
./logs/MacOS11/powermanagement/2023.10.26.asl┋20231026T042825.868732000┋2023-10-26T12:28:25.868732000+08:00  id=3554  level=Notice  pid=68  uid=0  gid=0  read_uid=4294967295  read_gid=80  flags=0x2  host=Mac-1698294495086  sender=powerd  facility=com.apple.iokit.power  message='Next largest inactivity window start:'2023-10-26 04:15:00 +0000' end:'2023-10-27 04:15:00 +0000''  com.apple.iokit.domain=Notification  SenderMachUUID=3E9B82F2-2CF1-3E44-9D8E-6B7A7CE52831
⇳
./logs/MacOS11/powermanagement/2023.10.26.asl┋20231026T042840.094951000┋2023-10-26T12:28:40.094951000+08:00  id=3555  level=Notice  pid=68  uid=0  gid=0  read_uid=4294967295  read_gid=80  flags=0x2  host=Mac-1698294495086  sender=powerd  facility=com.apple.iokit.power  message='[System: DeclUser BGTask kDisp]'  AssertType=BackgroundTask  AssertName=com.apple.metadata.mds_stores.power  AssertAge=00:01:07   RetainCount=0  ProcessName=mds_stores  Process=278  AssertId=0xb00008026  Action=Released  com.apple.iokit.domain=Assertions  SenderMachUUID=3E9B82F2-2CF1-3E44-9D8E-6B7A7CE52831
⇳
./logs/MacOS11/powermanagement/2023.10.26.asl┋20231026T042902.899667000┋2023-10-26T12:29:02.899667000+08:00  id=3556  level=Notice  pid=68  uid=0  gid=0  read_uid=4294967295  read_gid=80  flags=0x2  host=Mac-1698294495086  sender=powerd  facility=com.apple.iokit.power  message='[System: DeclUser BGTask kDisp]'  AssertType=BackgroundTask  AssertName=com.apple.metadata.mds.power  AssertAge=00:01:30   RetainCount=0  ProcessName=mds  Process=83  AssertId=0xb00008027  Action=Released  com.apple.iokit.domain=Assertions  SenderMachUUID=3E9B82F2-2CF1-3E44-9D8E-6B7A7CE52831
⇳
./logs/MacOS11/powermanagement/2023.10.26.asl┋20231026T043131.898057000┋2023-10-26T12:31:31.898057000+08:00  id=3557  level=Notice  pid=68  uid=0  gid=0  read_uid=4294967295  read_gid=80  flags=0x2  host=Mac-1698294495086  sender=powerd  facility=com.apple.iokit.power  message='[System: DeclUser BGTask kDisp]'  AssertType=BackgroundTask  AssertName=com.apple.metadata.mds.power  AssertAge=00:02:07   RetainCount=0  ProcessName=mds  Process=83  AssertId=0xb0000818e  Action=Released  com.apple.iokit.domain=Assertions  SenderMachUUID=3E9B82F2-2CF1-3E44-9D8E-6B7A7CE52831
⇳
