
Files:

File: ./logs/programs/Event_Trace_Log/waasmedic.20251005_113019_195.etl.gz
  About:
      FileType      : ETL (GZIP) (Windows Event Trace Log)
      LogMessageType: ETL events (Windows Event Trace Log)
      Thread stack  : 214016 (bytes)
  Printed:
      bytes         : 8487
      flushes       : 21
      Events        : 21
      Event largest processed: 742 (bytes)
      Event largest accepted : 742 (bytes)
      Datetime first: 2025-10-05 19:30:19 +08:00 (2025-10-05 11:30:19.201590 +00:00)
      Datetime last : 2025-10-05 19:31:19 +08:00 (2025-10-05 11:31:19.384883 +00:00)
  Processed:
      file size          : 16384 (0x4000) (bytes)
      Session name       : "ECCB175F-1EB2-43DA-BFB5-A8D58A40A4D7"
      Buffers read       : 2
      Buffers compressed : 0
      Events processed   : 21
      Events accepted    : 21
      Events TraceLogging: 17
      Events kernel      : 3
      Events undecoded   : 1
      Records skipped    : 0
      Datetime first     : 2025-10-05 19:30:19 +08:00 (2025-10-05 11:30:19.201590 +00:00)
      Datetime last      : 2025-10-05 19:31:19 +08:00 (2025-10-05 11:31:19.384883 +00:00)
      out of order       : 0

Program summary:

Paths considered       : 1
Paths not processed    : 0
Files processed        : 1
Files printed          : 1
Printed bytes          : 8571
Printed flushes        : 42
Printed Lines          : 0
Printed Syslines       : 0
Printed ASL events     : 0
Printed ETL events     : 21
Printed EVTX events    : 0
Printed FixedStruct    : 0
Printed Journal events : 0
Printed ODL events     : 0
Line Maximum                   : 393209
Line longest                   : 0
Sysline longest                : 0
ETL event largest processed    : 742
ETL event largest accepted     : 742
EVTX event largest processed   : 0
EVTX event largest accepted    : 0
Journal event largest processed: 0
Journal event largest accepted : 0
Managed files max deflt: 980
Managed files max adjus: 200
Managed request open   : 3
Managed request read   : 0
Managed write calls    : 1
Managed seek calls     : 0
Managed metadata calls : 2
Managed open errors    : 0
Managed evict fails    : 0
Regex patterns known   : 190
Regex patterns compiled: 188
Datetime filter -a     : 1999-03-03 00:00:00 +00:00 (1999-03-03 00:00:00.000000 +00:00)
Datetime printed first : 2025-10-05 19:30:19 +08:00 (2025-10-05 11:30:19.201590 +00:00)
Datetime printed last  : 2025-10-05 19:31:19 +08:00 (2025-10-05 11:31:19.384883 +00:00)
Datetime filter -b     : 2026-01-02 00:00:00 +00:00 (2026-01-02 00:00:00.000000 +00:00)
Channel receive ok     : 23
Channel receive err    : 0
Threads spawned        : 1
Thread spawn errors    : 0
Temporary files created: 1
Platform               : x86_64-unknown-linux-gnu
Allocator              : system
