./logs/programs/Event_Trace_Log/waasmedic.20251005_113019_195.etl.gz┋20251005T113019.201590800┋2025-10-05T19:30:19.2015908+08:00 Provider={68fdd900-4a3e-11d1-84f4-0000f80464e3} ProviderName="MSNT_SystemTrace" EventName="Header" EventId=0 Version=2 Level=0 Opcode=0 Task=0 Keywords=0x0 PID=29468 TID=24484 HookId=0x0000 BufferSize=8192 Version=83951626 ProviderVersion=22631 NumberOfProcessors=1 EndTime=134041374793841542 TimerResolution=156250 MaxFileSize=2048 LogFileMode=0x11002002 BuffersWritten=2 StartBuffers=1 PointerSize=8 EventsLost=0 CPUSpeed=4491 LoggerName=0xA LogFileName=0x7 BootTime=134038496275000000 PerfFreq=10000000 StartTime=134041374192015908 ReservedFlags=0x1 BuffersLost=0 SessionNameString="ECCB175F-1EB2-43DA-BFB5-A8D58A40A4D7" LogFileNameString="C:\\Windows\\logs\\waasmedic\\waasmedic.20251005_113019_195.etl"
⇳
./logs/programs/Event_Trace_Log/waasmedic.20251005_113019_195.etl.gz┋20251005T113019.201590800┋2025-10-05T19:30:19.2015908+08:00 Provider={68fdd900-4a3e-11d1-84f4-0000f80464e3} ProviderName="MSNT_SystemTrace" EventName="PartitionInfoExtension" EventId=0 Version=2 Level=0 Opcode=80 Task=0 Keywords=0x0 PID=29468 TID=24484 HookId=0x0050 Payload=0x000000000000000000000000000000000000000000000000000000000000000000000000000000000000000000000000
⇳
./logs/programs/Event_Trace_Log/waasmedic.20251005_113019_195.etl.gz┋20251005T113019.201590800┋2025-10-05T19:30:19.2015908+08:00 Provider={68fdd900-4a3e-11d1-84f4-0000f80464e3} ProviderName="MSNT_SystemTrace" EventName="BuildInfo" EventId=0 Version=2 Level=0 Opcode=66 Task=0 Keywords=0x0 HookId=0x0042 BuildString="22621.1.amd64fre.ni_release.220506-1250"
⇳
./logs/programs/Event_Trace_Log/waasmedic.20251005_113019_195.etl.gz┋20251005T113019.201590800┋2025-10-05T19:30:19.2015908+08:00 Provider={68fdd900-4a3e-11d1-84f4-0000f80464e3} ProviderName="MSNT_SystemTrace" EventName="DbgIdRSDS" EventId=0 Version=2 Level=0 Opcode=64 Task=0 Keywords=0x0 HookId=0x0040 Guid={30869371-f7d6-ab23-8610-af80c72ae579} Age=1 PdbName="WaaSMedicSvcImpl.pdb"
⇳
./logs/programs/Event_Trace_Log/waasmedic.20251005_113019_195.etl.gz┋20251005T113019.202052800┋2025-10-05T19:30:19.2020528+08:00 Provider={30d25124-a468-505c-de82-8411646eb8b5} ProviderName="Microsoft.Windows.WaaSMedic.Local" EventName="Info" EventId=0 Version=0 Level=4 Opcode=0 Task=0 Keywords=0x0 PID=29468 TID=24484 m="** Service starting **"
⇳
./logs/programs/Event_Trace_Log/waasmedic.20251005_113019_195.etl.gz┋20251005T113019.202058000┋2025-10-05T19:30:19.2020580+08:00 Provider={30d25124-a468-505c-de82-8411646eb8b5} ProviderName="Microsoft.Windows.WaaSMedic.Local" EventName="Info" EventId=0 Version=0 Level=4 Opcode=0 Task=0 Keywords=0x0 PID=29468 TID=24484 m="WaaSMedic service module version: 10.0.22621.5547"
⇳
./logs/programs/Event_Trace_Log/waasmedic.20251005_113019_195.etl.gz┋20251005T113019.203542600┋2025-10-05T19:30:19.2035426+08:00 Provider={30d25124-a468-505c-de82-8411646eb8b5} ProviderName="Microsoft.Windows.WaaSMedic.Local" EventName="Info" EventId=0 Version=0 Level=4 Opcode=0 Task=0 Keywords=0x0 PID=29468 TID=24484 m="WaaSMedic service is now running."
⇳
./logs/programs/Event_Trace_Log/waasmedic.20251005_113019_195.etl.gz┋20251005T113019.206094600┋2025-10-05T19:30:19.2060946+08:00 Provider={30d25124-a468-505c-de82-8411646eb8b5} ProviderName="Microsoft.Windows.WaaSMedic.Local" EventName="Info" EventId=0 Version=0 Level=4 Opcode=0 Task=0 Keywords=0x0 PID=29468 TID=25964 m="'ShouldHideInPlaceUpgrade' called by 'MoUpdateOrchestrator'"
⇳
./logs/programs/Event_Trace_Log/waasmedic.20251005_113019_195.etl.gz┋20251005T113019.351252800┋2025-10-05T19:30:19.3512528+08:00 Provider={30d25124-a468-505c-de82-8411646eb8b5} ProviderName="Microsoft.Windows.WaaSMedic.Local" EventName="Info" EventId=0 Version=0 Level=4 Opcode=0 Task=0 Keywords=0x0 PID=29468 TID=25964 m="'ShouldPromoteInPlaceUpgrade' called by 'MoUpdateOrchestrator'"
⇳
./logs/programs/Event_Trace_Log/waasmedic.20251005_113019_195.etl.gz┋20251005T113019.351776500┋2025-10-05T19:30:19.3517765+08:00 Provider={30d25124-a468-505c-de82-8411646eb8b5} ProviderName="Microsoft.Windows.WaaSMedic.Local" EventName="Info" EventId=0 Version=0 Level=4 Opcode=0 Task=0 Keywords=0x0 PID=29468 TID=25964 m="WaaSCurrencyDetector: stage 0 succeeded"
⇳
./logs/programs/Event_Trace_Log/waasmedic.20251005_113019_195.etl.gz┋20251005T113019.367567800┋2025-10-05T19:30:19.3675678+08:00 Provider={30d25124-a468-505c-de82-8411646eb8b5} ProviderName="Microsoft.Windows.WaaSMedic.Local" EventName="Info" EventId=0 Version=0 Level=4 Opcode=0 Task=0 Keywords=0x0 PID=29468 TID=25964 m="WaaSCurrencyDetector: stage 1 succeeded"
⇳
./logs/programs/Event_Trace_Log/waasmedic.20251005_113019_195.etl.gz┋20251005T113019.382135600┋2025-10-05T19:30:19.3821356+08:00 Provider={30d25124-a468-505c-de82-8411646eb8b5} ProviderName="Microsoft.Windows.WaaSMedic.Local" EventName="Info" EventId=0 Version=0 Level=4 Opcode=0 Task=0 Keywords=0x0 PID=29468 TID=25964 m="WaaSCurrencyDetector: stage 2 succeeded"
⇳
./logs/programs/Event_Trace_Log/waasmedic.20251005_113019_195.etl.gz┋20251005T113019.384143200┋2025-10-05T19:30:19.3841432+08:00 Provider={30d25124-a468-505c-de82-8411646eb8b5} ProviderName="Microsoft.Windows.WaaSMedic.Local" EventName="Info" EventId=0 Version=0 Level=4 Opcode=0 Task=0 Keywords=0x0 PID=29468 TID=25964 m="WaaSCurrencyDetector: stage 7 succeeded"
⇳
./logs/programs/Event_Trace_Log/waasmedic.20251005_113019_195.etl.gz┋20251005T113019.385881400┋2025-10-05T19:30:19.3858814+08:00 Provider={30d25124-a468-505c-de82-8411646eb8b5} ProviderName="Microsoft.Windows.WaaSMedic.Local" EventName="Info" EventId=0 Version=0 Level=4 Opcode=0 Task=0 Keywords=0x0 PID=29468 TID=25964 m="WaaSCurrencyDetector: stage 8 succeeded"
⇳
./logs/programs/Event_Trace_Log/waasmedic.20251005_113019_195.etl.gz┋20251005T113019.385924200┋2025-10-05T19:30:19.3859242+08:00 Provider={30d25124-a468-505c-de82-8411646eb8b5} ProviderName="Microsoft.Windows.WaaSMedic.Local" EventName="Info" EventId=0 Version=0 Level=4 Opcode=0 Task=0 Keywords=0x0 PID=29468 TID=25964 m="'ShouldPromoteInPlaceUpgrade' fIsUptoDate ='1'"
⇳
./logs/programs/Event_Trace_Log/waasmedic.20251005_113019_195.etl.gz┋20251005T113019.386096000┋2025-10-05T19:30:19.3860960+08:00 Provider={30d25124-a468-505c-de82-8411646eb8b5} ProviderName="Microsoft.Windows.WaaSMedic.Local" EventName="Info" EventId=0 Version=0 Level=4 Opcode=0 Task=0 Keywords=0x0 PID=29468 TID=25964 m="Uninitializing WaaS Remediation agent. Waiting for the lock.."
⇳
./logs/programs/Event_Trace_Log/waasmedic.20251005_113019_195.etl.gz┋20251005T113019.386097100┋2025-10-05T19:30:19.3860971+08:00 Provider={30d25124-a468-505c-de82-8411646eb8b5} ProviderName="Microsoft.Windows.WaaSMedic.Local" EventName="Info" EventId=0 Version=0 Level=4 Opcode=0 Task=0 Keywords=0x0 PID=29468 TID=25964 m="Uninitializing WaaS Remediation agent. Acquired the lock!"
⇳
./logs/programs/Event_Trace_Log/waasmedic.20251005_113019_195.etl.gz┋20251005T113020.957696900┋2025-10-05T19:30:20.9576969+08:00 Provider={30d25124-a468-505c-de82-8411646eb8b5} ProviderName="Microsoft.Windows.WaaSMedic.Local" EventName="Warning" EventId=0 Version=0 Level=3 Opcode=0 Task=0 Keywords=0x0 PID=29468 TID=25964 m="Unexpectedly called while already impersonating the caller."
⇳
./logs/programs/Event_Trace_Log/waasmedic.20251005_113019_195.etl.gz┋20251005T113020.957699600┋2025-10-05T19:30:20.9576996+08:00 Provider={30d25124-a468-505c-de82-8411646eb8b5} ProviderName="Microsoft.Windows.WaaSMedic.Local" EventName="Info" EventId=0 Version=0 Level=4 Opcode=0 Task=0 Keywords=0x0 PID=29468 TID=25964 m="SID S-1-5-80-223807737-1693445485-119162242-1977420160-1403034029 was found in the caller's token."
⇳
./logs/programs/Event_Trace_Log/waasmedic.20251005_113019_195.etl.gz┋20251005T113020.957700700┋2025-10-05T19:30:20.9577007+08:00 Provider={30d25124-a468-505c-de82-8411646eb8b5} ProviderName="Microsoft.Windows.WaaSMedic.Local" EventName="Info" EventId=0 Version=0 Level=4 Opcode=0 Task=0 Keywords=0x0 PID=29468 TID=25964 m="The caller was granted permission. Target namespace: Microsoft\\Windows\\UpdateOrchestrator"
⇳
./logs/programs/Event_Trace_Log/waasmedic.20251005_113019_195.etl.gz┋20251005T113119.384883300┋2025-10-05T19:31:19.3848833+08:00 Provider={30d25124-a468-505c-de82-8411646eb8b5} ProviderName="Microsoft.Windows.WaaSMedic.Local" EventName="Info" EventId=0 Version=0 Level=4 Opcode=0 Task=0 Keywords=0x0 PID=29468 TID=14648 m="** Service stopping **"
⇳
